{
    "result": {
        "id": "123",
        "settings": {
            "prebuilds": {
                "enable": true,
                "prebuildInterval": 5
            },
            "workspaceClasses": {
                "regular": "huge"
            },
            "allowedWorkspaceClasses": [
                "huge",
                "large"
            ]
        }
    },
    "err": ""
}
